{"schemaVersion":2,"mediaType":"application/vnd.oci.image.index.v1+json","manifests":[{"mediaType":"application/vnd.oci.image.manifest.v1+json","size":476,"digest":"sha256:0c3a3431cb3d08f1de9b3ebd19671fe54c227a6cfd33c1164cb8f67a86baadea","platform":{"architecture":"amd64","os":"linux"}},{"mediaType":"application/vnd.oci.image.manifest.v1+json","size":476,"digest":"sha256:2daa2a0b7c784bbda06b9a342d2b70e72d4f213642f488250fdb62ccd65a4ba7","platform":{"architecture":"arm64","os":"linux"}}],"annotations":{"org.opencontainers.image.created":"1970-01-01T00:00:00Z"}}