{
  "SPDXID": "SPDXRef-DOCUMENT",
  "name": "sbom-sha256:714bd8ce97dfb0b40f6ff0a8b82c05b1249101614fd77190d610ae11280bdc54",
  "spdxVersion": "SPDX-2.3",
  "creationInfo": {
    "created": "1970-01-01T00:00:00Z",
    "creators": [
      "Tool: apko (devel)",
      "Organization: Chainguard, Inc"
    ],
    "licenseListVersion": "3.16"
  },
  "dataLicense": "CC0-1.0",
  "documentNamespace": "https://spdx.org/spdxdocs/apko/",
  "documentDescribes": [
    "SPDXRef-Package-sha256-714bd8ce97dfb0b40f6ff0a8b82c05b1249101614fd77190d610ae11280bdc54"
  ],
  "packages": [
    {
      "SPDXID": "SPDXRef-Package-sha256-714bd8ce97dfb0b40f6ff0a8b82c05b1249101614fd77190d610ae11280bdc54",
      "name": "sha256:714bd8ce97dfb0b40f6ff0a8b82c05b1249101614fd77190d610ae11280bdc54",
      "versionInfo": "sha256:714bd8ce97dfb0b40f6ff0a8b82c05b1249101614fd77190d610ae11280bdc54",
      "filesAnalyzed": false,
      "description": "Multi-arch image index",
      "downloadLocation": "NOASSERTION",
      "supplier": "Organization: Chainguard, Inc.",
      "sourceInfo": "Generated at image build time by apko",
      "primaryPackagePurpose": "CONTAINER",
      "checksums": [
        {
          "algorithm": "SHA256",
          "checksumValue": "714bd8ce97dfb0b40f6ff0a8b82c05b1249101614fd77190d610ae11280bdc54"
        }
      ],
      "externalRefs": [
        {
          "referenceCategory": "PACKAGE-MANAGER",
          "referenceLocator": "pkg:oci/golden@sha256%3A714bd8ce97dfb0b40f6ff0a8b82c05b1249101614fd77190d610ae11280bdc54?mediaType=application%2Fvnd.oci.image.index.v1%2Bjson",
          "referenceType": "purl"
        }
      ]
    },
    {
      "SPDXID": "SPDXRef-Package-sha256-43e3f561cb0910cb25ea304331454f74315d2edbcf68e2af172f8efa5c95fe19",
      "name": "sha256:43e3f561cb0910cb25ea304331454f74315d2edbcf68e2af172f8efa5c95fe19",
      "versionInfo": "sha256:43e3f561cb0910cb25ea304331454f74315d2edbcf68e2af172f8efa5c95fe19",
      "filesAnalyzed": false,
      "downloadLocation": "NOASSERTION",
      "supplier": "Organization: Chainguard, Inc.",
      "primaryPackagePurpose": "CONTAINER",
      "checksums": [
        {
          "algorithm": "SHA256",
          "checksumValue": "43e3f561cb0910cb25ea304331454f74315d2edbcf68e2af172f8efa5c95fe19"
        }
      ],
      "externalRefs": [
        {
          "referenceCategory": "PACKAGE-MANAGER",
          "referenceLocator": "pkg:oci/golden@sha256%3A43e3f561cb0910cb25ea304331454f74315d2edbcf68e2af172f8efa5c95fe19?arch=amd64\u0026mediaType=application%2Fvnd.oci.image.manifest.v1%2Bjson\u0026os=linux",
          "referenceType": "purl"
        }
      ]
    },
    {
      "SPDXID": "SPDXRef-Package-sha256-dcc96a7dc51e9f68b3402c82332b61325ae8e6f8ddc49159e7bafc30453bfc17",
      "name": "sha256:dcc96a7dc51e9f68b3402c82332b61325ae8e6f8ddc49159e7bafc30453bfc17",
      "versionInfo": "sha256:dcc96a7dc51e9f68b3402c82332b61325ae8e6f8ddc49159e7bafc30453bfc17",
      "filesAnalyzed": false,
      "downloadLocation": "NOASSERTION",
      "supplier": "Organization: Chainguard, Inc.",
      "primaryPackagePurpose": "CONTAINER",
      "checksums": [
        {
          "algorithm": "SHA256",
          "checksumValue": "dcc96a7dc51e9f68b3402c82332b61325ae8e6f8ddc49159e7bafc30453bfc17"
        }
      ],
      "externalRefs": [
        {
          "referenceCategory": "PACKAGE-MANAGER",
          "referenceLocator": "pkg:oci/golden@sha256%3Adcc96a7dc51e9f68b3402c82332b61325ae8e6f8ddc49159e7bafc30453bfc17?arch=arm64\u0026mediaType=application%2Fvnd.oci.image.manifest.v1%2Bjson\u0026os=linux",
          "referenceType": "purl"
        }
      ]
    }
  ],
  "relationships": [
    {
      "spdxElementId": "SPDXRef-Package-sha256-714bd8ce97dfb0b40f6ff0a8b82c05b1249101614fd77190d610ae11280bdc54",
      "relationshipType": "VARIANT_OF",
      "relatedSpdxElement": "SPDXRef-Package-sha256-43e3f561cb0910cb25ea304331454f74315d2edbcf68e2af172f8efa5c95fe19"
    },
    {
      "spdxElementId": "SPDXRef-Package-sha256-714bd8ce97dfb0b40f6ff0a8b82c05b1249101614fd77190d610ae11280bdc54",
      "relationshipType": "VARIANT_OF",
      "relatedSpdxElement": "SPDXRef-Package-sha256-dcc96a7dc51e9f68b3402c82332b61325ae8e6f8ddc49159e7bafc30453bfc17"
    }
  ]
}
