{
  "SPDXID": "SPDXRef-DOCUMENT",
  "name": "sbom-sha256:82c91678ac0f40848c5cdac918022ba897a381c264722a6b1d5c986471e9751e",
  "spdxVersion": "SPDX-2.3",
  "creationInfo": {
    "created": "1970-01-01T00:00:00Z",
    "creators": [
      "Tool: apko (devel)",
      "Organization: Chainguard, Inc"
    ],
    "licenseListVersion": "3.16"
  },
  "dataLicense": "CC0-1.0",
  "documentNamespace": "https://spdx.org/spdxdocs/apko/",
  "documentDescribes": [
    "SPDXRef-Package-sha256-dcc96a7dc51e9f68b3402c82332b61325ae8e6f8ddc49159e7bafc30453bfc17"
  ],
  "packages": [
    {
      "SPDXID": "SPDXRef-Package-sha256-dcc96a7dc51e9f68b3402c82332b61325ae8e6f8ddc49159e7bafc30453bfc17",
      "name": "sha256:dcc96a7dc51e9f68b3402c82332b61325ae8e6f8ddc49159e7bafc30453bfc17",
      "versionInfo": "sha256:dcc96a7dc51e9f68b3402c82332b61325ae8e6f8ddc49159e7bafc30453bfc17",
      "filesAnalyzed": false,
      "description": "apko container image",
      "downloadLocation": "NOASSERTION",
      "supplier": "Organization: Replaces",
      "primaryPackagePurpose": "CONTAINER",
      "checksums": [
        {
          "algorithm": "SHA256",
          "checksumValue": "dcc96a7dc51e9f68b3402c82332b61325ae8e6f8ddc49159e7bafc30453bfc17"
        }
      ],
      "externalRefs": [
        {
          "referenceCategory": "PACKAGE-MANAGER",
          "referenceLocator": "pkg:oci/golden@sha256%3Adcc96a7dc51e9f68b3402c82332b61325ae8e6f8ddc49159e7bafc30453bfc17?arch=arm64\u0026mediaType=application%2Fvnd.oci.image.manifest.v1%2Bjson\u0026os=linux",
          "referenceType": "purl"
        }
      ]
    },
    {
      "SPDXID": "SPDXRef-Package-sha256-82c91678ac0f40848c5cdac918022ba897a381c264722a6b1d5c986471e9751e",
      "name": "sha256:82c91678ac0f40848c5cdac918022ba897a381c264722a6b1d5c986471e9751e",
      "versionInfo": "1.0.0",
      "filesAnalyzed": false,
      "description": "apko operating system layer",
      "downloadLocation": "NOASSERTION",
      "supplier": "Organization: Replaces",
      "externalRefs": [
        {
          "referenceCategory": "PACKAGE-MANAGER",
          "referenceLocator": "pkg:oci/golden@sha256%3A82c91678ac0f40848c5cdac918022ba897a381c264722a6b1d5c986471e9751e?arch=arm64\u0026mediaType=application%2Fvnd.oci.image.layer.v1.tar%2Bgzip\u0026os=linux",
          "referenceType": "purl"
        }
      ]
    },
    {
      "SPDXID": "SPDXRef-Package-pretend-baselayout-1.0.0-r0",
      "name": "pretend-baselayout",
      "versionInfo": "1.0.0-r0",
      "filesAnalyzed": false,
      "licenseConcluded": "NOASSERTION",
      "licenseDeclared": "MIT",
      "downloadLocation": "NOASSERTION",
      "originator": "Organization: Unknown",
      "supplier": "Organization: Unknown",
      "copyrightText": "\n",
      "externalRefs": [
        {
          "referenceCategory": "PACKAGE_MANAGER",
          "referenceLocator": "pkg:apk/unknown/pretend-baselayout@1.0.0-r0?arch=aarch64",
          "referenceType": "purl"
        }
      ]
    },
    {
      "SPDXID": "SPDXRef-Package-replayout-1.0.0-r0",
      "name": "replayout",
      "versionInfo": "1.0.0-r0",
      "filesAnalyzed": false,
      "licenseConcluded": "NOASSERTION",
      "licenseDeclared": "MIT",
      "downloadLocation": "NOASSERTION",
      "originator": "Organization: Unknown",
      "supplier": "Organization: Unknown",
      "copyrightText": "\n",
      "externalRefs": [
        {
          "referenceCategory": "PACKAGE_MANAGER",
          "referenceLocator": "pkg:apk/unknown/replayout@1.0.0-r0?arch=aarch64",
          "referenceType": "purl"
        }
      ]
    }
  ],
  "relationships": [
    {
      "spdxElementId": "SPDXRef-Package-sha256-dcc96a7dc51e9f68b3402c82332b61325ae8e6f8ddc49159e7bafc30453bfc17",
      "relationshipType": "CONTAINS",
      "relatedSpdxElement": "SPDXRef-Package-sha256-82c91678ac0f40848c5cdac918022ba897a381c264722a6b1d5c986471e9751e"
    }
  ]
}
