{
  "SPDXID": "SPDXRef-DOCUMENT",
  "name": "sbom-sha256:89c9e3bd4d4968247bdf82182560718f22427628a3c112902377fa7ff897f9f7",
  "spdxVersion": "SPDX-2.3",
  "creationInfo": {
    "created": "1970-01-01T00:00:00Z",
    "creators": [
      "Tool: apko (devel)",
      "Organization: Chainguard, Inc"
    ],
    "licenseListVersion": "3.16"
  },
  "dataLicense": "CC0-1.0",
  "documentNamespace": "https://spdx.org/spdxdocs/apko/",
  "documentDescribes": [
    "SPDXRef-Package-sha256-0c3a3431cb3d08f1de9b3ebd19671fe54c227a6cfd33c1164cb8f67a86baadea"
  ],
  "packages": [
    {
      "SPDXID": "SPDXRef-Package-sha256-0c3a3431cb3d08f1de9b3ebd19671fe54c227a6cfd33c1164cb8f67a86baadea",
      "name": "sha256:0c3a3431cb3d08f1de9b3ebd19671fe54c227a6cfd33c1164cb8f67a86baadea",
      "versionInfo": "sha256:0c3a3431cb3d08f1de9b3ebd19671fe54c227a6cfd33c1164cb8f67a86baadea",
      "filesAnalyzed": false,
      "description": "apko container image",
      "downloadLocation": "NOASSERTION",
      "supplier": "Organization: Replaces",
      "primaryPackagePurpose": "CONTAINER",
      "checksums": [
        {
          "algorithm": "SHA256",
          "checksumValue": "0c3a3431cb3d08f1de9b3ebd19671fe54c227a6cfd33c1164cb8f67a86baadea"
        }
      ],
      "externalRefs": [
        {
          "referenceCategory": "PACKAGE-MANAGER",
          "referenceLocator": "pkg:oci/golden@sha256%3A0c3a3431cb3d08f1de9b3ebd19671fe54c227a6cfd33c1164cb8f67a86baadea?arch=amd64\u0026mediaType=application%2Fvnd.oci.image.manifest.v1%2Bjson\u0026os=linux",
          "referenceType": "purl"
        }
      ]
    },
    {
      "SPDXID": "SPDXRef-Package-sha256-89c9e3bd4d4968247bdf82182560718f22427628a3c112902377fa7ff897f9f7",
      "name": "sha256:89c9e3bd4d4968247bdf82182560718f22427628a3c112902377fa7ff897f9f7",
      "versionInfo": "1.0.0",
      "filesAnalyzed": false,
      "description": "apko operating system layer",
      "downloadLocation": "NOASSERTION",
      "supplier": "Organization: Replaces",
      "externalRefs": [
        {
          "referenceCategory": "PACKAGE-MANAGER",
          "referenceLocator": "pkg:oci/golden@sha256%3A89c9e3bd4d4968247bdf82182560718f22427628a3c112902377fa7ff897f9f7?arch=amd64\u0026mediaType=application%2Fvnd.oci.image.layer.v1.tar%2Bgzip\u0026os=linux",
          "referenceType": "purl"
        }
      ]
    },
    {
      "SPDXID": "SPDXRef-Package-pretend-baselayout-1.0.0-r0",
      "name": "pretend-baselayout",
      "versionInfo": "1.0.0-r0",
      "filesAnalyzed": false,
      "licenseConcluded": "NOASSERTION",
      "licenseDeclared": "MIT",
      "downloadLocation": "NOASSERTION",
      "originator": "Organization: Unknown",
      "supplier": "Organization: Unknown",
      "copyrightText": "\n",
      "externalRefs": [
        {
          "referenceCategory": "PACKAGE_MANAGER",
          "referenceLocator": "pkg:apk/unknown/pretend-baselayout@1.0.0-r0?arch=x86_64",
          "referenceType": "purl"
        }
      ]
    },
    {
      "SPDXID": "SPDXRef-Package-replayout-1.0.0-r0",
      "name": "replayout",
      "versionInfo": "1.0.0-r0",
      "filesAnalyzed": false,
      "licenseConcluded": "NOASSERTION",
      "licenseDeclared": "MIT",
      "downloadLocation": "NOASSERTION",
      "originator": "Organization: Unknown",
      "supplier": "Organization: Unknown",
      "copyrightText": "\n",
      "externalRefs": [
        {
          "referenceCategory": "PACKAGE_MANAGER",
          "referenceLocator": "pkg:apk/unknown/replayout@1.0.0-r0?arch=x86_64",
          "referenceType": "purl"
        }
      ]
    }
  ],
  "relationships": [
    {
      "spdxElementId": "SPDXRef-Package-sha256-0c3a3431cb3d08f1de9b3ebd19671fe54c227a6cfd33c1164cb8f67a86baadea",
      "relationshipType": "CONTAINS",
      "relatedSpdxElement": "SPDXRef-Package-sha256-89c9e3bd4d4968247bdf82182560718f22427628a3c112902377fa7ff897f9f7"
    }
  ]
}
